// Jest Snapshot v1, https://goo.gl/fbAQLP

exports[`Should match snapshot empty 1`] = `<header />`;

exports[`Should match snapshot with children 1`] = `
<header>
  <div
    className="wrapper-1"
  >
    <h1>
      Some title 1
    </h1>
  </div>
  <div
    className="wrapper-2"
  >
    <h1>
      Some title 2
    </h1>
  </div>
</header>
`;
